Analyzing Cash...                                               

   info - Parameter 'key' could be a super parameter - lib\core\widgets\common_search_bar.dart:9:9 - use_super_parameters
   info - Parameter 'key' could be a super parameter - lib\core\widgets\custom_date_picker_dialog.dart:10:9 - use_super_parameters
warning - The value of the local variable 'currentYear' isn't used - lib\core\widgets\custom_date_picker_dialog.dart:164:11 - unused_local_variable
warning - Unused import: 'package:dio/dio.dart' - lib\data\repositories\auth_repository.dart:1:8 - unused_import
warning - The value of the field '_networkService' isn't used - lib\data\repositories\auth_repository.dart:6:24 - unused_field
warning - Unused import: 'routes/app_routes.dart' - lib\main.dart:9:8 - unused_import
   info - Parameter 'key' could be a super parameter - lib\modules\auth\views\login_view.dart:12:9 - use_super_parameters
warning - Unused import: '../../../../routes/app_routes.dart' - lib\modules\forgot_password\views\forgot_password_view.dart:4:8 - unused_import
   info - Parameter 'key' could be a super parameter - lib\modules\forgot_password\views\forgot_password_view.dart:12:9 - use_super_parameters
   info - Parameter 'key' could be a super parameter - lib\modules\home\views\home_view.dart:7:9 - use_super_parameters
warning - Unused import: 'package:google_fonts/google_fonts.dart' - lib\modules\organization_setup\views\organization_setup_view.dart:3:8 - unused_import
   info - Parameter 'key' could be a super parameter - lib\modules\organization_setup\views\organization_setup_view.dart:11:9 - use_super_parameters
   info - Parameter 'key' could be a super parameter - lib\modules\organization_setup\views\organization_success_view.dart:11:9 - use_super_parameters
   info - Statements in a for should be enclosed in a block - lib\modules\otp_verification\controllers\otp_verification_controller.dart:95:35 - curly_braces_in_flow_control_structures
   info - Statements in a for should be enclosed in a block - lib\modules\otp_verification\controllers\otp_verification_controller.dart:96:31 - curly_braces_in_flow_control_structures
   info - Parameter 'key' could be a super parameter - lib\modules\otp_verification\views\otp_verification_view.dart:8:9 - use_super_parameters
   info - 'withOpacity' is deprecated and shouldn't be used. Use .withValues() to avoid precision loss - lib\modules\otp_verification\views\otp_verification_view.dart:161:44 - deprecated_member_use
warning - Unused import: 'dart:io' - lib\modules\requestor\controllers\create_request_controller.dart:5:8 - unused_import
   info - Don't invoke 'print' in production code - lib\modules\requestor\controllers\create_request_controller.dart:58:5 - avoid_print
   info - Unnecessary override - lib\modules\requestor\controllers\requestor_controller.dart:43:8 - unnecessary_overrides
   info - Unnecessary override - lib\modules\requestor\controllers\requestor_controller.dart:48:8 - unnecessary_overrides
   info - Unnecessary override - lib\modules\requestor\controllers\requestor_controller.dart:53:8 - unnecessary_overrides
warning - Unused import: 'dart:io' - lib\modules\requestor\views\create_request\request_details_view.dart:1:8 - unused_import
   info - Parameter 'key' could be a super parameter - lib\modules\requestor\views\create_request\request_details_view.dart:14:9 - use_super_parameters
   info - 'withOpacity' is deprecated and shouldn't be used. Use .withValues() to avoid precision loss - lib\modules\requestor\views\create_request\request_details_view.dart:118:43 - deprecated_member_use
   info - Parameter 'key' could be a super parameter - lib\modules\requestor\views\create_request\request_success_view.dart:11:9 - use_super_parameters
   info - 'withOpacity' is deprecated and shouldn't be used. Use .withValues() to avoid precision loss - lib\modules\requestor\views\create_request\request_success_view.dart:81:49 - deprecated_member_use
   info - Parameter 'key' could be a super parameter - lib\modules\requestor\views\create_request\review_request_view.dart:13:9 - use_super_parameters
   info - Parameter 'key' could be a super parameter - lib\modules\requestor\views\create_request\select_request_type_view.dart:11:9 - use_super_parameters
   info - 'withOpacity' is deprecated and shouldn't be used. Use .withValues() to avoid precision loss - lib\modules\requestor\views\create_request\select_request_type_view.dart:105:37 - deprecated_member_use
   info - 'groupValue' is deprecated and shouldn't be used. Use a RadioGroup ancestor to manage group value instead. This feature was deprecated after v3.32.0-0.0.pre - lib\modules\requestor\views\create_request\select_request_type_view.dart:127:15 - deprecated_member_use
   info - 'onChanged' is deprecated and shouldn't be used. Use RadioGroup to handle value change instead. This feature was deprecated after v3.32.0-0.0.pre - lib\modules\requestor\views\create_request\select_request_type_view.dart:128:15 - deprecated_member_use
   info - Parameter 'key' could be a super parameter - lib\modules\requestor\views\monthly_spent_view.dart:8:9 - use_super_parameters
   info - 'withOpacity' is deprecated and shouldn't be used. Use .withValues() to avoid precision loss - lib\modules\requestor\views\monthly_spent_view.dart:106:63 - deprecated_member_use
   info - Parameter 'key' could be a super parameter - lib\modules\requestor\views\my_requests_view.dart:10:9 - use_super_parameters
  error - The getter 'filterApproved' isn't defined for the type 'AppText' - lib\modules\requestor\views\my_requests_view.dart:53:37 - undefined_getter
   info - 'withOpacity' is deprecated and shouldn't be used. Use .withValues() to avoid precision loss - lib\modules\requestor\views\my_requests_view.dart:104:68 - deprecated_member_use
   info - 'withOpacity' is deprecated and shouldn't be used. Use .withValues() to avoid precision loss - lib\modules\requestor\views\my_requests_view.dart:149:53 - deprecated_member_use
   info - Parameter 'key' could be a super parameter - lib\modules\requestor\views\request_details_read_view.dart:6:9 - use_super_parameters
   info - Parameter 'key' could be a super parameter - lib\modules\requestor\views\requestor_view.dart:13:9 - use_super_parameters
   info - 'withOpacity' is deprecated and shouldn't be used. Use .withValues() to avoid precision loss - lib\modules\requestor\views\requestor_view.dart:123:33 - deprecated_member_use
   info - 'withOpacity' is deprecated and shouldn't be used. Use .withValues() to avoid precision loss - lib\modules\requestor\views\requestor_view.dart:192:35 - deprecated_member_use
   info - 'withOpacity' is deprecated and shouldn't be used. Use .withValues() to avoid precision loss - lib\modules\requestor\views\requestor_view.dart:253:39 - deprecated_member_use
   info - 'withOpacity' is deprecated and shouldn't be used. Use .withValues() to avoid precision loss - lib\modules\requestor\views\requestor_view.dart:312:74 - deprecated_member_use
   info - Parameter 'key' could be a super parameter - lib\modules\requestor\views\widgets\requestor_bottom_bar.dart:8:9 - use_super_parameters
   info - 'withOpacity' is deprecated and shouldn't be used. Use .withValues() to avoid precision loss - lib\modules\requestor\views\widgets\requestor_bottom_bar.dart:21:33 - deprecated_member_use
   info - Parameter 'key' could be a super parameter - lib\modules\reset_password\views\reset_password_success_view.dart:10:9 - use_super_parameters
   info - 'withOpacity' is deprecated and shouldn't be used. Use .withValues() to avoid precision loss - lib\modules\reset_password\views\reset_password_success_view.dart:29:45 - deprecated_member_use
   info - Parameter 'key' could be a super parameter - lib\modules\reset_password\views\reset_password_view.dart:10:9 - use_super_parameters
warning - Unused import: '../modules/requestor/views/request_details_read_view.dart' - lib\routes\app_pages.dart:26:8 - unused_import
   info - The constant name 'INITIAL' isn't a lowerCamelCase identifier - lib\routes\app_pages.dart:50:16 - constant_identifier_names
   info - The constant name 'INITIAL' isn't a lowerCamelCase identifier - lib\routes\app_routes.dart:2:16 - constant_identifier_names
   info - The constant name 'LOGIN' isn't a lowerCamelCase identifier - lib\routes\app_routes.dart:3:16 - constant_identifier_names
   info - The constant name 'HOME' isn't a lowerCamelCase identifier - lib\routes\app_routes.dart:4:16 - constant_identifier_names
   info - The constant name 'ORGANIZATION_SETUP' isn't a lowerCamelCase identifier - lib\routes\app_routes.dart:5:16 - constant_identifier_names
   info - The constant name 'ORGANIZATION_SUCCESS' isn't a lowerCamelCase identifier - lib\routes\app_routes.dart:6:16 - constant_identifier_names
   info - The constant name 'FORGOT_PASSWORD' isn't a lowerCamelCase identifier - lib\routes\app_routes.dart:7:16 - constant_identifier_names
   info - The constant name 'OTP_VERIFICATION' isn't a lowerCamelCase identifier - lib\routes\app_routes.dart:8:16 - constant_identifier_names
   info - The constant name 'RESET_PASSWORD' isn't a lowerCamelCase identifier - lib\routes\app_routes.dart:9:16 - constant_identifier_names
   info - The constant name 'RESET_PASSWORD_SUCCESS' isn't a lowerCamelCase identifier - lib\routes\app_routes.dart:10:16 - constant_identifier_names
   info - The constant name 'REQUESTOR' isn't a lowerCamelCase identifier - lib\routes\app_routes.dart:11:16 - constant_identifier_names
   info - The constant name 'CREATE_REQUEST_TYPE' isn't a lowerCamelCase identifier - lib\routes\app_routes.dart:12:16 - constant_identifier_names
   info - The constant name 'CREATE_REQUEST_DETAILS' isn't a lowerCamelCase identifier - lib\routes\app_routes.dart:13:16 - constant_identifier_names
   info - The constant name 'CREATE_REQUEST_REVIEW' isn't a lowerCamelCase identifier - lib\routes\app_routes.dart:14:16 - constant_identifier_names
   info - The constant name 'CREATE_REQUEST_SUCCESS' isn't a lowerCamelCase identifier - lib\routes\app_routes.dart:15:16 - constant_identifier_names
   info - The constant name 'MY_REQUESTS' isn't a lowerCamelCase identifier - lib\routes\app_routes.dart:16:16 - constant_identifier_names
   info - The constant name 'REQUEST_DETAILS_READ' isn't a lowerCamelCase identifier - lib\routes\app_routes.dart:17:16 - constant_identifier_names
   info - The constant name 'MONTHLY_SPENT' isn't a lowerCamelCase identifier - lib\routes\app_routes.dart:18:16 - constant_identifier_names
   info - Parameter 'key' could be a super parameter - lib\utils\widgets\buttons\primary_button.dart:13:9 - use_super_parameters
   info - Parameter 'key' could be a super parameter - lib\utils\widgets\buttons\secondary_button.dart:12:9 - use_super_parameters

